Removed Pin From Net: NetName=RSTn Pin=JP1-1
Removed Pin From Net: NetName=EXTON Pin=JP1-2
Removed Pin From Net: NetName=WAKEUP Pin=JP1-3
Removed Pin From Net: NetName=SYNC/GP7 Pin=JP1-4
Removed Pin From Net: NetName=GP6 Pin=JP1-5
Removed Pin From Net: NetName=GP5 Pin=JP1-6
Removed Pin From Net: NetName=GP4 Pin=JP1-7
Removed Pin From Net: NetName=GP3 Pin=JP1-8
Removed Pin From Net: NetName=GP2 Pin=JP1-9
Removed Pin From Net: NetName=GP1 Pin=JP1-10
Removed Pin From Net: NetName=IRQ/GP8 Pin=JP1-11
Removed Pin From Net: NetName=VSS_5 Pin=JP1-12
Removed Pin From Net: NetName=VDDAON Pin=JP1-13
Removed Pin From Net: NetName=VDD3v3_1 Pin=JP1-14
Removed Pin From Net: NetName=VDD3v3_2 Pin=JP1-15
Removed Pin From Net: NetName=VSS_1 Pin=JP1-16
Removed Pin From Net: NetName=GP0 Pin=JP1-17
Removed Pin From Net: NetName=VSS_2 Pin=JP1-18
Removed Pin From Net: NetName=CS Pin=JP1-19
Removed Pin From Net: NetName=MOSI Pin=JP1-20
Removed Pin From Net: NetName=MISO Pin=JP1-21
Removed Pin From Net: NetName=CLK Pin=JP1-22
Removed Pin From Net: NetName=VSS_3 Pin=JP1-23
Removed Pin From Net: NetName=VSS_4 Pin=JP1-24
Removed Member From Class: ClassName=V2 Member=JP1
Added Component: Designator=JP?(JP12X2_2)
Add component (AddParameter): Name = "Value"; Value = "Connector 12x2"; VariantName = "[No Variations]"
Added Pin To Net: NetName=RSTn Pin=JP?-1
Added Pin To Net: NetName=EXTON Pin=JP?-2
Added Pin To Net: NetName=WAKEUP Pin=JP?-3
Added Pin To Net: NetName=SYNC/GP7 Pin=JP?-4
Added Pin To Net: NetName=GP6 Pin=JP?-5
Added Pin To Net: NetName=GP5 Pin=JP?-6
Added Pin To Net: NetName=GP4 Pin=JP?-7
Added Pin To Net: NetName=GP3 Pin=JP?-8
Added Pin To Net: NetName=GP2 Pin=JP?-9
Added Pin To Net: NetName=GP1 Pin=JP?-10
Added Pin To Net: NetName=IRQ/GP8 Pin=JP?-11
Added Pin To Net: NetName=VSS_5 Pin=JP?-12
Added Pin To Net: NetName=VDDAON Pin=JP?-13
Added Pin To Net: NetName=VDD3v3_1 Pin=JP?-14
Added Pin To Net: NetName=VDD3v3_2 Pin=JP?-15
Added Pin To Net: NetName=VSS_1 Pin=JP?-16
Added Pin To Net: NetName=GP0 Pin=JP?-17
Added Pin To Net: NetName=VSS_2 Pin=JP?-18
Added Pin To Net: NetName=CS Pin=JP?-19
Added Pin To Net: NetName=MOSI Pin=JP?-20
Added Pin To Net: NetName=MISO Pin=JP?-21
Added Pin To Net: NetName=CLK Pin=JP?-22
Added Pin To Net: NetName=VSS_3 Pin=JP?-23
Added Pin To Net: NetName=VSS_4 Pin=JP?-24
Added Member To Class: ClassName=V2 Member=Component JP? Connector 12x2
