22:37:36 **** Build of configuration Debug for project UWB-MTT-Mst_Beacon ****
make -j16 all 
arm-none-eabi-gcc "../UWB_middleware/platform/deca_mutex.c" -mcpu=cortex-m3 -std=gnu11 -g3 -DDEBUG -DUSE_HAL_DRIVER -DSTM32F103xB -c -I../Core/Inc -I../Drivers/STM32F1xx_HAL_Driver/Inc -I../Drivers/STM32F1xx_HAL_Driver/Inc/Legacy -I../Drivers/CMSIS/Device/ST/STM32F1xx/Include -I../Drivers/CMSIS/Include -I"F:/Workplace/IPS_Firefighting_training_system/Firmware_src_20252/[STM32]-UWB_Ranging/UWB-MTT-Mst_Beacon/UWB_middleware/decadriver" -I"F:/Workplace/IPS_Firefighting_training_system/Firmware_src_20252/[STM32]-UWB_Ranging/UWB-MTT-Mst_Beacon/UWB_middleware/platform" -O0 -ffunction-sections -fdata-sections -Wall -fstack-usage -fcyclomatic-complexity -MMD -MP -MF"UWB_middleware/platform/deca_mutex.d" -MT"UWB_middleware/platform/deca_mutex.o" --specs=nano.specs -mfloat-abi=soft -mthumb -o "UWB_middleware/platform/deca_mutex.o"
arm-none-eabi-gcc "../UWB_middleware/platform/deca_range_tables.c" -mcpu=cortex-m3 -std=gnu11 -g3 -DDEBUG -DUSE_HAL_DRIVER -DSTM32F103xB -c -I../Core/Inc -I../Drivers/STM32F1xx_HAL_Driver/Inc -I../Drivers/STM32F1xx_HAL_Driver/Inc/Legacy -I../Drivers/CMSIS/Device/ST/STM32F1xx/Include -I../Drivers/CMSIS/Include -I"F:/Workplace/IPS_Firefighting_training_system/Firmware_src_20252/[STM32]-UWB_Ranging/UWB-MTT-Mst_Beacon/UWB_middleware/decadriver" -I"F:/Workplace/IPS_Firefighting_training_system/Firmware_src_20252/[STM32]-UWB_Ranging/UWB-MTT-Mst_Beacon/UWB_middleware/platform" -O0 -ffunction-sections -fdata-sections -Wall -fstack-usage -fcyclomatic-complexity -MMD -MP -MF"UWB_middleware/platform/deca_range_tables.d" -MT"UWB_middleware/platform/deca_range_tables.o" --specs=nano.specs -mfloat-abi=soft -mthumb -o "UWB_middleware/platform/deca_range_tables.o"
arm-none-eabi-gcc "../UWB_middleware/platform/deca_sleep.c" -mcpu=cortex-m3 -std=gnu11 -g3 -DDEBUG -DUSE_HAL_DRIVER -DSTM32F103xB -c -I../Core/Inc -I../Drivers/STM32F1xx_HAL_Driver/Inc -I../Drivers/STM32F1xx_HAL_Driver/Inc/Legacy -I../Drivers/CMSIS/Device/ST/STM32F1xx/Include -I../Drivers/CMSIS/Include -I"F:/Workplace/IPS_Firefighting_training_system/Firmware_src_20252/[STM32]-UWB_Ranging/UWB-MTT-Mst_Beacon/UWB_middleware/decadriver" -I"F:/Workplace/IPS_Firefighting_training_system/Firmware_src_20252/[STM32]-UWB_Ranging/UWB-MTT-Mst_Beacon/UWB_middleware/platform" -O0 -ffunction-sections -fdata-sections -Wall -fstack-usage -fcyclomatic-complexity -MMD -MP -MF"UWB_middleware/platform/deca_sleep.d" -MT"UWB_middleware/platform/deca_sleep.o" --specs=nano.specs -mfloat-abi=soft -mthumb -o "UWB_middleware/platform/deca_sleep.o"
arm-none-eabi-gcc "../UWB_middleware/platform/deca_spi.c" -mcpu=cortex-m3 -std=gnu11 -g3 -DDEBUG -DUSE_HAL_DRIVER -DSTM32F103xB -c -I../Core/Inc -I../Drivers/STM32F1xx_HAL_Driver/Inc -I../Drivers/STM32F1xx_HAL_Driver/Inc/Legacy -I../Drivers/CMSIS/Device/ST/STM32F1xx/Include -I../Drivers/CMSIS/Include -I"F:/Workplace/IPS_Firefighting_training_system/Firmware_src_20252/[STM32]-UWB_Ranging/UWB-MTT-Mst_Beacon/UWB_middleware/decadriver" -I"F:/Workplace/IPS_Firefighting_training_system/Firmware_src_20252/[STM32]-UWB_Ranging/UWB-MTT-Mst_Beacon/UWB_middleware/platform" -O0 -ffunction-sections -fdata-sections -Wall -fstack-usage -fcyclomatic-complexity -MMD -MP -MF"UWB_middleware/platform/deca_spi.d" -MT"UWB_middleware/platform/deca_spi.o" --specs=nano.specs -mfloat-abi=soft -mthumb -o "UWB_middleware/platform/deca_spi.o"
arm-none-eabi-gcc "../UWB_middleware/decadriver/deca_device.c" -mcpu=cortex-m3 -std=gnu11 -g3 -DDEBUG -DUSE_HAL_DRIVER -DSTM32F103xB -c -I../Core/Inc -I../Drivers/STM32F1xx_HAL_Driver/Inc -I../Drivers/STM32F1xx_HAL_Driver/Inc/Legacy -I../Drivers/CMSIS/Device/ST/STM32F1xx/Include -I../Drivers/CMSIS/Include -I"F:/Workplace/IPS_Firefighting_training_system/Firmware_src_20252/[STM32]-UWB_Ranging/UWB-MTT-Mst_Beacon/UWB_middleware/decadriver" -I"F:/Workplace/IPS_Firefighting_training_system/Firmware_src_20252/[STM32]-UWB_Ranging/UWB-MTT-Mst_Beacon/UWB_middleware/platform" -O0 -ffunction-sections -fdata-sections -Wall -fstack-usage -fcyclomatic-complexity -MMD -MP -MF"UWB_middleware/decadriver/deca_device.d" -MT"UWB_middleware/decadriver/deca_device.o" --specs=nano.specs -mfloat-abi=soft -mthumb -o "UWB_middleware/decadriver/deca_device.o"
arm-none-eabi-gcc "../UWB_middleware/decadriver/deca_params_init.c" -mcpu=cortex-m3 -std=gnu11 -g3 -DDEBUG -DUSE_HAL_DRIVER -DSTM32F103xB -c -I../Core/Inc -I../Drivers/STM32F1xx_HAL_Driver/Inc -I../Drivers/STM32F1xx_HAL_Driver/Inc/Legacy -I../Drivers/CMSIS/Device/ST/STM32F1xx/Include -I../Drivers/CMSIS/Include -I"F:/Workplace/IPS_Firefighting_training_system/Firmware_src_20252/[STM32]-UWB_Ranging/UWB-MTT-Mst_Beacon/UWB_middleware/decadriver" -I"F:/Workplace/IPS_Firefighting_training_system/Firmware_src_20252/[STM32]-UWB_Ranging/UWB-MTT-Mst_Beacon/UWB_middleware/platform" -O0 -ffunction-sections -fdata-sections -Wall -fstack-usage -fcyclomatic-complexity -MMD -MP -MF"UWB_middleware/decadriver/deca_params_init.d" -MT"UWB_middleware/decadriver/deca_params_init.o" --specs=nano.specs -mfloat-abi=soft -mthumb -o "UWB_middleware/decadriver/deca_params_init.o"
arm-none-eabi-gcc "../Drivers/STM32F1xx_HAL_Driver/Src/stm32f1xx_hal.c" -mcpu=cortex-m3 -std=gnu11 -g3 -DDEBUG -DUSE_HAL_DRIVER -DSTM32F103xB -c -I../Core/Inc -I../Drivers/STM32F1xx_HAL_Driver/Inc -I../Drivers/STM32F1xx_HAL_Driver/Inc/Legacy -I../Drivers/CMSIS/Device/ST/STM32F1xx/Include -I../Drivers/CMSIS/Include -I"F:/Workplace/IPS_Firefighting_training_system/Firmware_src_20252/[STM32]-UWB_Ranging/UWB-MTT-Mst_Beacon/UWB_middleware/decadriver" -I"F:/Workplace/IPS_Firefighting_training_system/Firmware_src_20252/[STM32]-UWB_Ranging/UWB-MTT-Mst_Beacon/UWB_middleware/platform" -O0 -ffunction-sections -fdata-sections -Wall -fstack-usage -fcyclomatic-complexity -MMD -MP -MF"Drivers/STM32F1xx_HAL_Driver/Src/stm32f1xx_hal.d" -MT"Drivers/STM32F1xx_HAL_Driver/Src/stm32f1xx_hal.o" --specs=nano.specs -mfloat-abi=soft -mthumb -o "Drivers/STM32F1xx_HAL_Driver/Src/stm32f1xx_hal.o"
arm-none-eabi-gcc "../Drivers/STM32F1xx_HAL_Driver/Src/stm32f1xx_hal_cortex.c" -mcpu=cortex-m3 -std=gnu11 -g3 -DDEBUG -DUSE_HAL_DRIVER -DSTM32F103xB -c -I../Core/Inc -I../Drivers/STM32F1xx_HAL_Driver/Inc -I../Drivers/STM32F1xx_HAL_Driver/Inc/Legacy -I../Drivers/CMSIS/Device/ST/STM32F1xx/Include -I../Drivers/CMSIS/Include -I"F:/Workplace/IPS_Firefighting_training_system/Firmware_src_20252/[STM32]-UWB_Ranging/UWB-MTT-Mst_Beacon/UWB_middleware/decadriver" -I"F:/Workplace/IPS_Firefighting_training_system/Firmware_src_20252/[STM32]-UWB_Ranging/UWB-MTT-Mst_Beacon/UWB_middleware/platform" -O0 -ffunction-sections -fdata-sections -Wall -fstack-usage -fcyclomatic-complexity -MMD -MP -MF"Drivers/STM32F1xx_HAL_Driver/Src/stm32f1xx_hal_cortex.d" -MT"Drivers/STM32F1xx_HAL_Driver/Src/stm32f1xx_hal_cortex.o" --specs=nano.specs -mfloat-abi=soft -mthumb -o "Drivers/STM32F1xx_HAL_Driver/Src/stm32f1xx_hal_cortex.o"
arm-none-eabi-gcc "../Drivers/STM32F1xx_HAL_Driver/Src/stm32f1xx_hal_dma.c" -mcpu=cortex-m3 -std=gnu11 -g3 -DDEBUG -DUSE_HAL_DRIVER -DSTM32F103xB -c -I../Core/Inc -I../Drivers/STM32F1xx_HAL_Driver/Inc -I../Drivers/STM32F1xx_HAL_Driver/Inc/Legacy -I../Drivers/CMSIS/Device/ST/STM32F1xx/Include -I../Drivers/CMSIS/Include -I"F:/Workplace/IPS_Firefighting_training_system/Firmware_src_20252/[STM32]-UWB_Ranging/UWB-MTT-Mst_Beacon/UWB_middleware/decadriver" -I"F:/Workplace/IPS_Firefighting_training_system/Firmware_src_20252/[STM32]-UWB_Ranging/UWB-MTT-Mst_Beacon/UWB_middleware/platform" -O0 -ffunction-sections -fdata-sections -Wall -fstack-usage -fcyclomatic-complexity -MMD -MP -MF"Drivers/STM32F1xx_HAL_Driver/Src/stm32f1xx_hal_dma.d" -MT"Drivers/STM32F1xx_HAL_Driver/Src/stm32f1xx_hal_dma.o" --specs=nano.specs -mfloat-abi=soft -mthumb -o "Drivers/STM32F1xx_HAL_Driver/Src/stm32f1xx_hal_dma.o"
arm-none-eabi-gcc "../Drivers/STM32F1xx_HAL_Driver/Src/stm32f1xx_hal_exti.c" -mcpu=cortex-m3 -std=gnu11 -g3 -DDEBUG -DUSE_HAL_DRIVER -DSTM32F103xB -c -I../Core/Inc -I../Drivers/STM32F1xx_HAL_Driver/Inc -I../Drivers/STM32F1xx_HAL_Driver/Inc/Legacy -I../Drivers/CMSIS/Device/ST/STM32F1xx/Include -I../Drivers/CMSIS/Include -I"F:/Workplace/IPS_Firefighting_training_system/Firmware_src_20252/[STM32]-UWB_Ranging/UWB-MTT-Mst_Beacon/UWB_middleware/decadriver" -I"F:/Workplace/IPS_Firefighting_training_system/Firmware_src_20252/[STM32]-UWB_Ranging/UWB-MTT-Mst_Beacon/UWB_middleware/platform" -O0 -ffunction-sections -fdata-sections -Wall -fstack-usage -fcyclomatic-complexity -MMD -MP -MF"Drivers/STM32F1xx_HAL_Driver/Src/stm32f1xx_hal_exti.d" -MT"Drivers/STM32F1xx_HAL_Driver/Src/stm32f1xx_hal_exti.o" --specs=nano.specs -mfloat-abi=soft -mthumb -o "Drivers/STM32F1xx_HAL_Driver/Src/stm32f1xx_hal_exti.o"
arm-none-eabi-gcc "../Drivers/STM32F1xx_HAL_Driver/Src/stm32f1xx_hal_flash.c" -mcpu=cortex-m3 -std=gnu11 -g3 -DDEBUG -DUSE_HAL_DRIVER -DSTM32F103xB -c -I../Core/Inc -I../Drivers/STM32F1xx_HAL_Driver/Inc -I../Drivers/STM32F1xx_HAL_Driver/Inc/Legacy -I../Drivers/CMSIS/Device/ST/STM32F1xx/Include -I../Drivers/CMSIS/Include -I"F:/Workplace/IPS_Firefighting_training_system/Firmware_src_20252/[STM32]-UWB_Ranging/UWB-MTT-Mst_Beacon/UWB_middleware/decadriver" -I"F:/Workplace/IPS_Firefighting_training_system/Firmware_src_20252/[STM32]-UWB_Ranging/UWB-MTT-Mst_Beacon/UWB_middleware/platform" -O0 -ffunction-sections -fdata-sections -Wall -fstack-usage -fcyclomatic-complexity -MMD -MP -MF"Drivers/STM32F1xx_HAL_Driver/Src/stm32f1xx_hal_flash.d" -MT"Drivers/STM32F1xx_HAL_Driver/Src/stm32f1xx_hal_flash.o" --specs=nano.specs -mfloat-abi=soft -mthumb -o "Drivers/STM32F1xx_HAL_Driver/Src/stm32f1xx_hal_flash.o"
arm-none-eabi-gcc "../Drivers/STM32F1xx_HAL_Driver/Src/stm32f1xx_hal_flash_ex.c" -mcpu=cortex-m3 -std=gnu11 -g3 -DDEBUG -DUSE_HAL_DRIVER -DSTM32F103xB -c -I../Core/Inc -I../Drivers/STM32F1xx_HAL_Driver/Inc -I../Drivers/STM32F1xx_HAL_Driver/Inc/Legacy -I../Drivers/CMSIS/Device/ST/STM32F1xx/Include -I../Drivers/CMSIS/Include -I"F:/Workplace/IPS_Firefighting_training_system/Firmware_src_20252/[STM32]-UWB_Ranging/UWB-MTT-Mst_Beacon/UWB_middleware/decadriver" -I"F:/Workplace/IPS_Firefighting_training_system/Firmware_src_20252/[STM32]-UWB_Ranging/UWB-MTT-Mst_Beacon/UWB_middleware/platform" -O0 -ffunction-sections -fdata-sections -Wall -fstack-usage -fcyclomatic-complexity -MMD -MP -MF"Drivers/STM32F1xx_HAL_Driver/Src/stm32f1xx_hal_flash_ex.d" -MT"Drivers/STM32F1xx_HAL_Driver/Src/stm32f1xx_hal_flash_ex.o" --specs=nano.specs -mfloat-abi=soft -mthumb -o "Drivers/STM32F1xx_HAL_Driver/Src/stm32f1xx_hal_flash_ex.o"
arm-none-eabi-gcc "../Drivers/STM32F1xx_HAL_Driver/Src/stm32f1xx_hal_gpio.c" -mcpu=cortex-m3 -std=gnu11 -g3 -DDEBUG -DUSE_HAL_DRIVER -DSTM32F103xB -c -I../Core/Inc -I../Drivers/STM32F1xx_HAL_Driver/Inc -I../Drivers/STM32F1xx_HAL_Driver/Inc/Legacy -I../Drivers/CMSIS/Device/ST/STM32F1xx/Include -I../Drivers/CMSIS/Include -I"F:/Workplace/IPS_Firefighting_training_system/Firmware_src_20252/[STM32]-UWB_Ranging/UWB-MTT-Mst_Beacon/UWB_middleware/decadriver" -I"F:/Workplace/IPS_Firefighting_training_system/Firmware_src_20252/[STM32]-UWB_Ranging/UWB-MTT-Mst_Beacon/UWB_middleware/platform" -O0 -ffunction-sections -fdata-sections -Wall -fstack-usage -fcyclomatic-complexity -MMD -MP -MF"Drivers/STM32F1xx_HAL_Driver/Src/stm32f1xx_hal_gpio.d" -MT"Drivers/STM32F1xx_HAL_Driver/Src/stm32f1xx_hal_gpio.o" --specs=nano.specs -mfloat-abi=soft -mthumb -o "Drivers/STM32F1xx_HAL_Driver/Src/stm32f1xx_hal_gpio.o"
arm-none-eabi-gcc "../Drivers/STM32F1xx_HAL_Driver/Src/stm32f1xx_hal_gpio_ex.c" -mcpu=cortex-m3 -std=gnu11 -g3 -DDEBUG -DUSE_HAL_DRIVER -DSTM32F103xB -c -I../Core/Inc -I../Drivers/STM32F1xx_HAL_Driver/Inc -I../Drivers/STM32F1xx_HAL_Driver/Inc/Legacy -I../Drivers/CMSIS/Device/ST/STM32F1xx/Include -I../Drivers/CMSIS/Include -I"F:/Workplace/IPS_Firefighting_training_system/Firmware_src_20252/[STM32]-UWB_Ranging/UWB-MTT-Mst_Beacon/UWB_middleware/decadriver" -I"F:/Workplace/IPS_Firefighting_training_system/Firmware_src_20252/[STM32]-UWB_Ranging/UWB-MTT-Mst_Beacon/UWB_middleware/platform" -O0 -ffunction-sections -fdata-sections -Wall -fstack-usage -fcyclomatic-complexity -MMD -MP -MF"Drivers/STM32F1xx_HAL_Driver/Src/stm32f1xx_hal_gpio_ex.d" -MT"Drivers/STM32F1xx_HAL_Driver/Src/stm32f1xx_hal_gpio_ex.o" --specs=nano.specs -mfloat-abi=soft -mthumb -o "Drivers/STM32F1xx_HAL_Driver/Src/stm32f1xx_hal_gpio_ex.o"
arm-none-eabi-gcc "../Drivers/STM32F1xx_HAL_Driver/Src/stm32f1xx_hal_pwr.c" -mcpu=cortex-m3 -std=gnu11 -g3 -DDEBUG -DUSE_HAL_DRIVER -DSTM32F103xB -c -I../Core/Inc -I../Drivers/STM32F1xx_HAL_Driver/Inc -I../Drivers/STM32F1xx_HAL_Driver/Inc/Legacy -I../Drivers/CMSIS/Device/ST/STM32F1xx/Include -I../Drivers/CMSIS/Include -I"F:/Workplace/IPS_Firefighting_training_system/Firmware_src_20252/[STM32]-UWB_Ranging/UWB-MTT-Mst_Beacon/UWB_middleware/decadriver" -I"F:/Workplace/IPS_Firefighting_training_system/Firmware_src_20252/[STM32]-UWB_Ranging/UWB-MTT-Mst_Beacon/UWB_middleware/platform" -O0 -ffunction-sections -fdata-sections -Wall -fstack-usage -fcyclomatic-complexity -MMD -MP -MF"Drivers/STM32F1xx_HAL_Driver/Src/stm32f1xx_hal_pwr.d" -MT"Drivers/STM32F1xx_HAL_Driver/Src/stm32f1xx_hal_pwr.o" --specs=nano.specs -mfloat-abi=soft -mthumb -o "Drivers/STM32F1xx_HAL_Driver/Src/stm32f1xx_hal_pwr.o"
arm-none-eabi-gcc "../Drivers/STM32F1xx_HAL_Driver/Src/stm32f1xx_hal_rcc.c" -mcpu=cortex-m3 -std=gnu11 -g3 -DDEBUG -DUSE_HAL_DRIVER -DSTM32F103xB -c -I../Core/Inc -I../Drivers/STM32F1xx_HAL_Driver/Inc -I../Drivers/STM32F1xx_HAL_Driver/Inc/Legacy -I../Drivers/CMSIS/Device/ST/STM32F1xx/Include -I../Drivers/CMSIS/Include -I"F:/Workplace/IPS_Firefighting_training_system/Firmware_src_20252/[STM32]-UWB_Ranging/UWB-MTT-Mst_Beacon/UWB_middleware/decadriver" -I"F:/Workplace/IPS_Firefighting_training_system/Firmware_src_20252/[STM32]-UWB_Ranging/UWB-MTT-Mst_Beacon/UWB_middleware/platform" -O0 -ffunction-sections -fdata-sections -Wall -fstack-usage -fcyclomatic-complexity -MMD -MP -MF"Drivers/STM32F1xx_HAL_Driver/Src/stm32f1xx_hal_rcc.d" -MT"Drivers/STM32F1xx_HAL_Driver/Src/stm32f1xx_hal_rcc.o" --specs=nano.specs -mfloat-abi=soft -mthumb -o "Drivers/STM32F1xx_HAL_Driver/Src/stm32f1xx_hal_rcc.o"
arm-none-eabi-gcc "../Drivers/STM32F1xx_HAL_Driver/Src/stm32f1xx_hal_rcc_ex.c" -mcpu=cortex-m3 -std=gnu11 -g3 -DDEBUG -DUSE_HAL_DRIVER -DSTM32F103xB -c -I../Core/Inc -I../Drivers/STM32F1xx_HAL_Driver/Inc -I../Drivers/STM32F1xx_HAL_Driver/Inc/Legacy -I../Drivers/CMSIS/Device/ST/STM32F1xx/Include -I../Drivers/CMSIS/Include -I"F:/Workplace/IPS_Firefighting_training_system/Firmware_src_20252/[STM32]-UWB_Ranging/UWB-MTT-Mst_Beacon/UWB_middleware/decadriver" -I"F:/Workplace/IPS_Firefighting_training_system/Firmware_src_20252/[STM32]-UWB_Ranging/UWB-MTT-Mst_Beacon/UWB_middleware/platform" -O0 -ffunction-sections -fdata-sections -Wall -fstack-usage -fcyclomatic-complexity -MMD -MP -MF"Drivers/STM32F1xx_HAL_Driver/Src/stm32f1xx_hal_rcc_ex.d" -MT"Drivers/STM32F1xx_HAL_Driver/Src/stm32f1xx_hal_rcc_ex.o" --specs=nano.specs -mfloat-abi=soft -mthumb -o "Drivers/STM32F1xx_HAL_Driver/Src/stm32f1xx_hal_rcc_ex.o"
arm-none-eabi-gcc "../Drivers/STM32F1xx_HAL_Driver/Src/stm32f1xx_hal_spi.c" -mcpu=cortex-m3 -std=gnu11 -g3 -DDEBUG -DUSE_HAL_DRIVER -DSTM32F103xB -c -I../Core/Inc -I../Drivers/STM32F1xx_HAL_Driver/Inc -I../Drivers/STM32F1xx_HAL_Driver/Inc/Legacy -I../Drivers/CMSIS/Device/ST/STM32F1xx/Include -I../Drivers/CMSIS/Include -I"F:/Workplace/IPS_Firefighting_training_system/Firmware_src_20252/[STM32]-UWB_Ranging/UWB-MTT-Mst_Beacon/UWB_middleware/decadriver" -I"F:/Workplace/IPS_Firefighting_training_system/Firmware_src_20252/[STM32]-UWB_Ranging/UWB-MTT-Mst_Beacon/UWB_middleware/platform" -O0 -ffunction-sections -fdata-sections -Wall -fstack-usage -fcyclomatic-complexity -MMD -MP -MF"Drivers/STM32F1xx_HAL_Driver/Src/stm32f1xx_hal_spi.d" -MT"Drivers/STM32F1xx_HAL_Driver/Src/stm32f1xx_hal_spi.o" --specs=nano.specs -mfloat-abi=soft -mthumb -o "Drivers/STM32F1xx_HAL_Driver/Src/stm32f1xx_hal_spi.o"
arm-none-eabi-gcc "../Drivers/STM32F1xx_HAL_Driver/Src/stm32f1xx_hal_uart.c" -mcpu=cortex-m3 -std=gnu11 -g3 -DDEBUG -DUSE_HAL_DRIVER -DSTM32F103xB -c -I../Core/Inc -I../Drivers/STM32F1xx_HAL_Driver/Inc -I../Drivers/STM32F1xx_HAL_Driver/Inc/Legacy -I../Drivers/CMSIS/Device/ST/STM32F1xx/Include -I../Drivers/CMSIS/Include -I"F:/Workplace/IPS_Firefighting_training_system/Firmware_src_20252/[STM32]-UWB_Ranging/UWB-MTT-Mst_Beacon/UWB_middleware/decadriver" -I"F:/Workplace/IPS_Firefighting_training_system/Firmware_src_20252/[STM32]-UWB_Ranging/UWB-MTT-Mst_Beacon/UWB_middleware/platform" -O0 -ffunction-sections -fdata-sections -Wall -fstack-usage -fcyclomatic-complexity -MMD -MP -MF"Drivers/STM32F1xx_HAL_Driver/Src/stm32f1xx_hal_uart.d" -MT"Drivers/STM32F1xx_HAL_Driver/Src/stm32f1xx_hal_uart.o" --specs=nano.specs -mfloat-abi=soft -mthumb -o "Drivers/STM32F1xx_HAL_Driver/Src/stm32f1xx_hal_uart.o"
arm-none-eabi-gcc "../Core/Src/main.c" -mcpu=cortex-m3 -std=gnu11 -g3 -DDEBUG -DUSE_HAL_DRIVER -DSTM32F103xB -c -I../Core/Inc -I../Drivers/STM32F1xx_HAL_Driver/Inc -I../Drivers/STM32F1xx_HAL_Driver/Inc/Legacy -I../Drivers/CMSIS/Device/ST/STM32F1xx/Include -I../Drivers/CMSIS/Include -I"F:/Workplace/IPS_Firefighting_training_system/Firmware_src_20252/[STM32]-UWB_Ranging/UWB-MTT-Mst_Beacon/UWB_middleware/decadriver" -I"F:/Workplace/IPS_Firefighting_training_system/Firmware_src_20252/[STM32]-UWB_Ranging/UWB-MTT-Mst_Beacon/UWB_middleware/platform" -O0 -ffunction-sections -fdata-sections -Wall -fstack-usage -fcyclomatic-complexity -MMD -MP -MF"Core/Src/main.d" -MT"Core/Src/main.o" --specs=nano.specs -mfloat-abi=soft -mthumb -o "Core/Src/main.o"
arm-none-eabi-gcc "../Core/Src/stm32f1xx_hal_msp.c" -mcpu=cortex-m3 -std=gnu11 -g3 -DDEBUG -DUSE_HAL_DRIVER -DSTM32F103xB -c -I../Core/Inc -I../Drivers/STM32F1xx_HAL_Driver/Inc -I../Drivers/STM32F1xx_HAL_Driver/Inc/Legacy -I../Drivers/CMSIS/Device/ST/STM32F1xx/Include -I../Drivers/CMSIS/Include -I"F:/Workplace/IPS_Firefighting_training_system/Firmware_src_20252/[STM32]-UWB_Ranging/UWB-MTT-Mst_Beacon/UWB_middleware/decadriver" -I"F:/Workplace/IPS_Firefighting_training_system/Firmware_src_20252/[STM32]-UWB_Ranging/UWB-MTT-Mst_Beacon/UWB_middleware/platform" -O0 -ffunction-sections -fdata-sections -Wall -fstack-usage -fcyclomatic-complexity -MMD -MP -MF"Core/Src/stm32f1xx_hal_msp.d" -MT"Core/Src/stm32f1xx_hal_msp.o" --specs=nano.specs -mfloat-abi=soft -mthumb -o "Core/Src/stm32f1xx_hal_msp.o"
arm-none-eabi-gcc "../Core/Src/stm32f1xx_it.c" -mcpu=cortex-m3 -std=gnu11 -g3 -DDEBUG -DUSE_HAL_DRIVER -DSTM32F103xB -c -I../Core/Inc -I../Drivers/STM32F1xx_HAL_Driver/Inc -I../Drivers/STM32F1xx_HAL_Driver/Inc/Legacy -I../Drivers/CMSIS/Device/ST/STM32F1xx/Include -I../Drivers/CMSIS/Include -I"F:/Workplace/IPS_Firefighting_training_system/Firmware_src_20252/[STM32]-UWB_Ranging/UWB-MTT-Mst_Beacon/UWB_middleware/decadriver" -I"F:/Workplace/IPS_Firefighting_training_system/Firmware_src_20252/[STM32]-UWB_Ranging/UWB-MTT-Mst_Beacon/UWB_middleware/platform" -O0 -ffunction-sections -fdata-sections -Wall -fstack-usage -fcyclomatic-complexity -MMD -MP -MF"Core/Src/stm32f1xx_it.d" -MT"Core/Src/stm32f1xx_it.o" --specs=nano.specs -mfloat-abi=soft -mthumb -o "Core/Src/stm32f1xx_it.o"
arm-none-eabi-gcc "../Core/Src/syscalls.c" -mcpu=cortex-m3 -std=gnu11 -g3 -DDEBUG -DUSE_HAL_DRIVER -DSTM32F103xB -c -I../Core/Inc -I../Drivers/STM32F1xx_HAL_Driver/Inc -I../Drivers/STM32F1xx_HAL_Driver/Inc/Legacy -I../Drivers/CMSIS/Device/ST/STM32F1xx/Include -I../Drivers/CMSIS/Include -I"F:/Workplace/IPS_Firefighting_training_system/Firmware_src_20252/[STM32]-UWB_Ranging/UWB-MTT-Mst_Beacon/UWB_middleware/decadriver" -I"F:/Workplace/IPS_Firefighting_training_system/Firmware_src_20252/[STM32]-UWB_Ranging/UWB-MTT-Mst_Beacon/UWB_middleware/platform" -O0 -ffunction-sections -fdata-sections -Wall -fstack-usage -fcyclomatic-complexity -MMD -MP -MF"Core/Src/syscalls.d" -MT"Core/Src/syscalls.o" --specs=nano.specs -mfloat-abi=soft -mthumb -o "Core/Src/syscalls.o"
arm-none-eabi-gcc "../Core/Src/sysmem.c" -mcpu=cortex-m3 -std=gnu11 -g3 -DDEBUG -DUSE_HAL_DRIVER -DSTM32F103xB -c -I../Core/Inc -I../Drivers/STM32F1xx_HAL_Driver/Inc -I../Drivers/STM32F1xx_HAL_Driver/Inc/Legacy -I../Drivers/CMSIS/Device/ST/STM32F1xx/Include -I../Drivers/CMSIS/Include -I"F:/Workplace/IPS_Firefighting_training_system/Firmware_src_20252/[STM32]-UWB_Ranging/UWB-MTT-Mst_Beacon/UWB_middleware/decadriver" -I"F:/Workplace/IPS_Firefighting_training_system/Firmware_src_20252/[STM32]-UWB_Ranging/UWB-MTT-Mst_Beacon/UWB_middleware/platform" -O0 -ffunction-sections -fdata-sections -Wall -fstack-usage -fcyclomatic-complexity -MMD -MP -MF"Core/Src/sysmem.d" -MT"Core/Src/sysmem.o" --specs=nano.specs -mfloat-abi=soft -mthumb -o "Core/Src/sysmem.o"
arm-none-eabi-gcc "../Core/Src/system_stm32f1xx.c" -mcpu=cortex-m3 -std=gnu11 -g3 -DDEBUG -DUSE_HAL_DRIVER -DSTM32F103xB -c -I../Core/Inc -I../Drivers/STM32F1xx_HAL_Driver/Inc -I../Drivers/STM32F1xx_HAL_Driver/Inc/Legacy -I../Drivers/CMSIS/Device/ST/STM32F1xx/Include -I../Drivers/CMSIS/Include -I"F:/Workplace/IPS_Firefighting_training_system/Firmware_src_20252/[STM32]-UWB_Ranging/UWB-MTT-Mst_Beacon/UWB_middleware/decadriver" -I"F:/Workplace/IPS_Firefighting_training_system/Firmware_src_20252/[STM32]-UWB_Ranging/UWB-MTT-Mst_Beacon/UWB_middleware/platform" -O0 -ffunction-sections -fdata-sections -Wall -fstack-usage -fcyclomatic-complexity -MMD -MP -MF"Core/Src/system_stm32f1xx.d" -MT"Core/Src/system_stm32f1xx.o" --specs=nano.specs -mfloat-abi=soft -mthumb -o "Core/Src/system_stm32f1xx.o"
arm-none-eabi-gcc "../Core/Src/uwb_app.c" -mcpu=cortex-m3 -std=gnu11 -g3 -DDEBUG -DUSE_HAL_DRIVER -DSTM32F103xB -c -I../Core/Inc -I../Drivers/STM32F1xx_HAL_Driver/Inc -I../Drivers/STM32F1xx_HAL_Driver/Inc/Legacy -I../Drivers/CMSIS/Device/ST/STM32F1xx/Include -I../Drivers/CMSIS/Include -I"F:/Workplace/IPS_Firefighting_training_system/Firmware_src_20252/[STM32]-UWB_Ranging/UWB-MTT-Mst_Beacon/UWB_middleware/decadriver" -I"F:/Workplace/IPS_Firefighting_training_system/Firmware_src_20252/[STM32]-UWB_Ranging/UWB-MTT-Mst_Beacon/UWB_middleware/platform" -O0 -ffunction-sections -fdata-sections -Wall -fstack-usage -fcyclomatic-complexity -MMD -MP -MF"Core/Src/uwb_app.d" -MT"Core/Src/uwb_app.o" --specs=nano.specs -mfloat-abi=soft -mthumb -o "Core/Src/uwb_app.o"
../Core/Src/uwb_app.c: In function 'tag_loop':
../Core/Src/uwb_app.c:158:19: warning: unused variable 'current_ms' [-Wunused-variable]
  158 |          uint32_t current_ms = HAL_GetTick();
      |                   ^~~~~~~~~~
../Core/Src/uwb_app.c: In function 'slv_beacon_loop':
../Core/Src/uwb_app.c:245:19: warning: unused variable 'current_ms' [-Wunused-variable]
  245 |          uint32_t current_ms = HAL_GetTick();
      |                   ^~~~~~~~~~
../Core/Src/uwb_app.c: In function 'mst_beacon_loop':
../Core/Src/uwb_app.c:281:19: warning: unused variable 'current_ms' [-Wunused-variable]
  281 |          uint32_t current_ms = HAL_GetTick();
      |                   ^~~~~~~~~~
../Core/Src/uwb_app.c: At top level:
../Core/Src/uwb_app.c:21:16: warning: 'frame_seq' defined but not used [-Wunused-variable]
   21 | static uint8_t frame_seq = 0;
      |                ^~~~~~~~~
../Core/Src/uwb_app.c:20:24: warning: 'tx_frame' defined but not used [-Wunused-variable]
   20 | static uwb_msg_frame_t tx_frame;                        //      Buffer truyền (TX)
      |                        ^~~~~~~~
../Core/Src/uwb_app.c:19:16: warning: 'rx_buffer' defined but not used [-Wunused-variable]
   19 | static uint8_t rx_buffer[128];                          //      Buffer nhận (RX)
      |                ^~~~~~~~~
arm-none-eabi-gcc -o "UWB-MTT-Mst_Beacon.elf" @"objects.list"   -mcpu=cortex-m3 -T"F:\Workplace\IPS_Firefighting_training_system\Firmware_src_20252\[STM32]-UWB_Ranging\UWB-MTT-Mst_Beacon\STM32F103C8TX_FLASH.ld" --specs=nosys.specs -Wl,-Map="UWB-MTT-Mst_Beacon.map" -Wl,--gc-sections -static --specs=nano.specs -mfloat-abi=soft -mthumb -Wl,--start-group -lc -lm -Wl,--end-group
Finished building target: UWB-MTT-Mst_Beacon.elf
 
arm-none-eabi-size  UWB-MTT-Mst_Beacon.elf 
arm-none-eabi-objdump -h -S UWB-MTT-Mst_Beacon.elf  > "UWB-MTT-Mst_Beacon.list"
   text	   data	    bss	    dec	    hex	filename
   6380	     12	   1804	   8196	   2004	UWB-MTT-Mst_Beacon.elf
Finished building: default.size.stdout
 
Finished building: UWB-MTT-Mst_Beacon.list
 
