Change Component Designator: Old Designator=2 New Designator=1
Change Component Designator: Old Designator=BT2 New Designator=BT1
Change Component Designator: Old Designator=C17 New Designator=C1
Change Component Designator: Old Designator=C18 New Designator=C2
Change Component Designator: Old Designator=C19 New Designator=C3
Change Component Designator: Old Designator=C20 New Designator=C4
Change Component Designator: Old Designator=C21 New Designator=C5
Change Component Designator: Old Designator=C22 New Designator=C6
Change Component Designator: Old Designator=C23 New Designator=C7
Change Component Designator: Old Designator=C24 New Designator=C8
Change Component Designator: Old Designator=C25 New Designator=C9
Change Component Designator: Old Designator=C26 New Designator=C10
Change Component Designator: Old Designator=C27 New Designator=C11
Change Component Designator: Old Designator=C28 New Designator=C12
Change Component Designator: Old Designator=C29 New Designator=C13
Change Component Designator: Old Designator=C30 New Designator=C14
Change Component Designator: Old Designator=C31 New Designator=C15
Change Component Designator: Old Designator=C32 New Designator=C16
Change Component Designator: Old Designator=C33 New Designator=C17
Change Component Designator: Old Designator=C34 New Designator=C18
Change Component Designator: Old Designator=C35 New Designator=C19
Change Component Designator: Old Designator=C36 New Designator=C20
Change Component Designator: Old Designator=C37 New Designator=C21
Change Component Designator: Old Designator=IC2 New Designator=IC1
Change Component Designator: Old Designator=JDC2 New Designator=JDC1
Change Component Designator: Old Designator=JP3 New Designator=JP1
Change Component Designator: Old Designator=JP4 New Designator=JP2
Change Component Designator: Old Designator=jp_2 New Designator=jp_1
Change Component Designator: Old Designator=jp_3 New Designator=jp_2
Change Component Designator: Old Designator=LED3 New Designator=LED1
Change Component Designator: Old Designator=LED4 New Designator=LED2
Change Component Designator: Old Designator=LED5 New Designator=LED3
Change Component Designator: Old Designator=LED6 New Designator=LED4
Change Component Designator: Old Designator=P3 New Designator=P1
Change Component Designator: Old Designator=P4 New Designator=P2
Change Component Designator: Old Designator=P5 New Designator=P3
Change Component Designator: Old Designator=R8 New Designator=R1
Change Component Designator: Old Designator=R9 New Designator=R2
Change Component Designator: Old Designator=R10 New Designator=R3
Change Component Designator: Old Designator=R11 New Designator=R4
Change Component Designator: Old Designator=R12 New Designator=R5
Change Component Designator: Old Designator=R13 New Designator=R6
Change Component Designator: Old Designator=R14 New Designator=R7
Change Component Designator: Old Designator=R15 New Designator=R8
Change Component Designator: Old Designator=R16 New Designator=R9
Change Component Designator: Old Designator=R17 New Designator=R10
Change Component Designator: Old Designator=R18 New Designator=R11
Change Component Designator: Old Designator=SW2 New Designator=SW1
Change Component Designator: Old Designator=SW3 New Designator=SW2
Change Component Designator: Old Designator=SW4 New Designator=SW3
Change Component Designator: Old Designator=U4 New Designator=U1
Change Component Designator: Old Designator=U5 New Designator=U2
Change Component Designator: Old Designator=U6 New Designator=U3
Change Component Designator: Old Designator=U7 New Designator=U4
Change Component Designator: Old Designator=Y2 New Designator=Y1
